[www.visualcv.com/imran/index.html]
[backblue.gif]
[fade.gif]
[index.html]
[www.visualcv.com/app/visualcv.css]
[www.visualcv.com/images/icons/play.png]
[www.visualcv.com/imran/pdf/index.html]
[www.visualcv.com/themes/air/images/photo-thumb.png]
[www.visualcv.com/themes/air/images/doc-thumb.png]
[www.visualcv.com/themes/air/images/video-thumb.png]
[workstory.s3.amazonaws.com/assets/2784235/119388762_1003716360054085_2451411385278987041_o_cv.jpg]
[cdnjs.cloudflare.com/ajax/libs/magnific-popup.js/1.1.0/magnific-popup.min.css]
[www.visualcv.com/cdn-cgi/scripts/5c5dd728/cloudflare-static/email-decode.min.js]
[cdnjs.cloudflare.com/ajax/libs/magnific-popup.js/1.1.0/jquery.magnific-popup.min.js]
[cdnjs.cloudflare.com/ajax/libs/jquery/2.2.3/jquery.min.js]
[www.visualcv.com/imran/index.html]
[www.googletagmanager.com/gtm5445.html]
[cdnjs.cloudflare.com/ajax/libs/morris.js/0.5.1/morris.min.js]
[www.visualcv.com/app/jquery.cv.js]
[www.visualcv.com/app/build/assets/fonts/Avenir-Book.83fe5df400481f7dc1fc8277c366ab91.woff2]
[cdnjs.cloudflare.com/ajax/libs/raphael/2.1.0/raphael-min.js]
[www.visualcv.com/app/build/assets/fonts/Avenir-Book.538b6b324922bdfd141e931b00406d75.woff]
[www.visualcv.com/app/build/assets/fonts/Avenir-Book.7837e47ddf5c4500a20262094d099117.eot]
[www.visualcv.com/app/build/assets/fonts/Avenir-Book.d9f644b72aa74e6787228a84a4edf5ca.ttf]
[www.visualcv.com/app/build/assets/fonts/Avenir-Medium.8f4e3740ac308e3860b20298d72a01ce.woff2]
[www.visualcv.com/app/build/assets/fonts/Avenir-Medium.ccbca1fbc577881d6cb3e1ccd337116b.woff]
[www.visualcv.com/app/build/assets/fonts/Avenir-Medium.4435cf66bf1d14542637295f431813de.eot]
[www.visualcv.com/app/build/assets/fonts/Avenir-Medium.33f0123452491ec8dd7615000178b42c.ttf]
[www.visualcv.com/app/build/assets/fonts/Avenir-Heavy.8e2f9927aa301ded355b3665ace1d69a.woff2]
[www.visualcv.com/app/build/assets/fonts/Avenir-Heavy.dcb4657b8f48188d74596bafebbc6e23.woff]
[www.visualcv.com/app/build/assets/fonts/Avenir-Heavy.364588658c6fb2019cf3f5ac3f3322f5.eot]
[www.visualcv.com/app/build/assets/fonts/Avenir-Heavy.26c0325921657d903102f652220490b3.ttf]
[www.visualcv.com/app/build/assets/fonts/Avenir-Black.cde9ec1f3d042f30f7ae3ee5109a1b58.woff2]
[www.visualcv.com/app/build/assets/fonts/Avenir-Black.518483c970101906810d5896cc08bba9.woff]
[www.visualcv.com/app/build/assets/fonts/Avenir-Black.a82f134fa44af8118e42cbc0e64a6acc.eot]
[www.visualcv.com/app/build/assets/fonts/Avenir-Black.895bd8bccc2aaa402a534077813ede32.ttf]
[www.visualcv.com/app/build/assets/fonts/ElegantIcons.d5b68af83313df50a057ce4bcfd3b37a.woff2]
[www.visualcv.com/app/build/assets/fonts/ElegantIcons.fdd9e757bf61675343dcf55100422b84.woff]
[www.visualcv.com/app/build/assets/fonts/ElegantIcons.d72ad3f702b9f23540e8ed78b4b65749.eot]
[www.visualcv.com/app/build/assets/fonts/ElegantIcons.f9d179f59b0878ffcd32a5b3c8ae9c62.ttf]
[www.visualcv.com/app/build/assets/fonts/fontawesome-webfont.4b5a84aaf1c9485e060c503a0ff8cadb.woff2]
[www.visualcv.com/app/build/assets/fonts/fontawesome-webfont.dfb02f8f6d0cedc009ee5887cc68f1f3.woff]
[www.visualcv.com/app/build/assets/fonts/fontawesome-webfont.45c73723862c6fc5eb3d6961db2d71fb.eot]
[www.visualcv.com/app/build/assets/fonts/fontawesome-webfont.7c87870ab40d63cfb8870c1f183f9939.ttf]
[www.visualcv.com/app/build/assets/fonts/icons.35f7b03d9a036afc0144413a25e5d494.woff]
[www.visualcv.com/app/build/assets/fonts/icons.406d595e2d129fbdce550103ac442f74.ttf]
[www.visualcv.com/app/visualcv.css]
[cdnjs.cloudflare.com/ajax/libs/magnific-popup.js/1.1.0/magnific-popup.min.css]
